// Jest Snapshot v1, https://goo.gl/fbAQLP

exports[`Reducer src/reducers/index.js Default 1`] = `
Object {
  "grid": Object {
    "x": 50,
    "y": 25,
  },
  "obstacles": Array [],
  "rover": Object {
    "current": null,
    "direction": "north",
    "log": Array [],
  },
}
`;

exports[`Reducer src/reducers/index.js Selectors: getGrid 1`] = `
Object {
  "x": 10,
  "y": 5,
}
`;

exports[`Reducer src/reducers/index.js Selectors: getObstacles 1`] = `
Array [
  Object {
    "x": 0,
    "y": 3,
  },
  Object {
    "x": 2,
    "y": 1,
  },
  Object {
    "x": 4,
    "y": 4,
  },
  Object {
    "x": 3,
    "y": 3,
  },
  Object {
    "x": 1,
    "y": 4,
  },
]
`;

exports[`Reducer src/reducers/index.js Selectors: getRover 1`] = `
Object {
  "current": Object {
    "x": 2,
    "y": 2,
  },
  "direction": "east",
  "log": Array [
    "Obstacle - X 0, Y 3",
    Object {
      "x": 0,
      "y": 1,
    },
    Object {
      "x": 0,
      "y": 0,
    },
  ],
}
`;
