// Jest Snapshot v1, https://goo.gl/fbAQLP

exports[`Actions test suite Should match snapshot 1`] = `
.c0 {
  display: inline-block;
  height: 376px;
  overflow: hidden;
  border: 1px solid black;
  margin-left: 15px;
  padding: 20px 20px;
  width: 200px;
}

<div>
  <div
    class="c0"
  >
    <code
      aria-label="InstructionsForm"
      name="InstructionsForm"
      props="[object Object]"
    />
    <code
      aria-label="RandomObstacleButton"
      name="RandomObstacleButton"
      props="[object Object]"
    />
    <code
      aria-label="LogObstacles"
      name="LogObstacles"
      props="[object Object]"
    />
  </div>
</div>
`;
