// Jest Snapshot v1, https://goo.gl/fbAQLP

exports[`Grid test suite Should match snapshot 1`] = `
.c0 {
  display: inline-block;
}

.c0 .grid-rows {
  height: 16px;
  margin: 0;
}

.c0 .grid-rows .grid-square {
  border-top: 1px solid black;
  border-right: 1px solid black;
  display: inline-block;
  width: 15px;
  height: 15px;
}

.c0 .grid-rows .grid-square:first-child {
  border-left: 1px solid black;
}

.c0 .grid-rows .grid-square-obstacle {
  background-color: black;
}

.c0 .grid-rows .grid-square-rover {
  background-color: green;
}

.c0 div:last-of-type .grid-square {
  border-bottom: 1px solid black;
}

<div>
  <div
    class="c0"
  >
    <div
      class="grid-rows"
    >
      <div
        class="grid-square "
        id="0-5"
      />
      <div
        class="grid-square "
        id="1-5"
      />
      <div
        class="grid-square "
        id="2-5"
      />
      <div
        class="grid-square "
        id="3-5"
      />
      <div
        class="grid-square "
        id="4-5"
      />
      <div
        class="grid-square "
        id="5-5"
      />
      <div
        class="grid-square "
        id="6-5"
      />
      <div
        class="grid-square "
        id="7-5"
      />
      <div
        class="grid-square "
        id="8-5"
      />
      <div
        class="grid-square "
        id="9-5"
      />
      <div
        class="grid-square "
        id="10-5"
      />
    </div>
    <div
      class="grid-rows"
    >
      <div
        class="grid-square "
        id="0-4"
      />
      <div
        class="grid-square grid-square-obstacle"
        id="1-4"
      />
      <div
        class="grid-square "
        id="2-4"
      />
      <div
        class="grid-square "
        id="3-4"
      />
      <div
        class="grid-square grid-square-obstacle"
        id="4-4"
      />
      <div
        class="grid-square "
        id="5-4"
      />
      <div
        class="grid-square "
        id="6-4"
      />
      <div
        class="grid-square "
        id="7-4"
      />
      <div
        class="grid-square "
        id="8-4"
      />
      <div
        class="grid-square "
        id="9-4"
      />
      <div
        class="grid-square "
        id="10-4"
      />
    </div>
    <div
      class="grid-rows"
    >
      <div
        class="grid-square grid-square-obstacle"
        id="0-3"
      />
      <div
        class="grid-square "
        id="1-3"
      />
      <div
        class="grid-square "
        id="2-3"
      />
      <div
        class="grid-square grid-square-obstacle"
        id="3-3"
      />
      <div
        class="grid-square "
        id="4-3"
      />
      <div
        class="grid-square "
        id="5-3"
      />
      <div
        class="grid-square "
        id="6-3"
      />
      <div
        class="grid-square "
        id="7-3"
      />
      <div
        class="grid-square "
        id="8-3"
      />
      <div
        class="grid-square "
        id="9-3"
      />
      <div
        class="grid-square "
        id="10-3"
      />
    </div>
    <div
      class="grid-rows"
    >
      <div
        class="grid-square "
        id="0-2"
      />
      <div
        class="grid-square "
        id="1-2"
      />
      <div
        class="grid-square grid-square-rover"
        id="2-2"
      >
        <span>
          â†’
        </span>
      </div>
      <div
        class="grid-square "
        id="3-2"
      />
      <div
        class="grid-square "
        id="4-2"
      />
      <div
        class="grid-square "
        id="5-2"
      />
      <div
        class="grid-square "
        id="6-2"
      />
      <div
        class="grid-square "
        id="7-2"
      />
      <div
        class="grid-square "
        id="8-2"
      />
      <div
        class="grid-square "
        id="9-2"
      />
      <div
        class="grid-square "
        id="10-2"
      />
    </div>
    <div
      class="grid-rows"
    >
      <div
        class="grid-square "
        id="0-1"
      />
      <div
        class="grid-square "
        id="1-1"
      />
      <div
        class="grid-square grid-square-obstacle"
        id="2-1"
      />
      <div
        class="grid-square "
        id="3-1"
      />
      <div
        class="grid-square "
        id="4-1"
      />
      <div
        class="grid-square "
        id="5-1"
      />
      <div
        class="grid-square "
        id="6-1"
      />
      <div
        class="grid-square "
        id="7-1"
      />
      <div
        class="grid-square "
        id="8-1"
      />
      <div
        class="grid-square "
        id="9-1"
      />
      <div
        class="grid-square "
        id="10-1"
      />
    </div>
    <div
      class="grid-rows"
    >
      <div
        class="grid-square "
        id="0-0"
      />
      <div
        class="grid-square "
        id="1-0"
      />
      <div
        class="grid-square "
        id="2-0"
      />
      <div
        class="grid-square "
        id="3-0"
      />
      <div
        class="grid-square "
        id="4-0"
      />
      <div
        class="grid-square "
        id="5-0"
      />
      <div
        class="grid-square "
        id="6-0"
      />
      <div
        class="grid-square "
        id="7-0"
      />
      <div
        class="grid-square "
        id="8-0"
      />
      <div
        class="grid-square "
        id="9-0"
      />
      <div
        class="grid-square "
        id="10-0"
      />
    </div>
  </div>
</div>
`;
