// Jest Snapshot v1, https://goo.gl/fbAQLP

exports[`LogObstacles test suite Should match snapshot 1`] = `
.c1 {
  cursor: pointer;
}

.c0 .delete-button {
  float: right;
  margin-right: 20px;
}

.c0 .title {
  margin: 25px 0 0;
}

.c0 .positions-container {
  height: 225px;
  overflow: auto;
}

<div>
  <div
    class="c0"
  >
    <h5
      class="title"
    >
      Total obstacles 
      5
      :
    </h5>
    <div
      class="positions-container"
    >
      <p>
        X 
        0
        , Y 
        3
        <button
          class="c1 delete-button"
        >
          Delete
        </button>
      </p>
      <p>
        X 
        2
        , Y 
        1
        <button
          class="c1 delete-button"
        >
          Delete
        </button>
      </p>
      <p>
        X 
        4
        , Y 
        4
        <button
          class="c1 delete-button"
        >
          Delete
        </button>
      </p>
      <p>
        X 
        3
        , Y 
        3
        <button
          class="c1 delete-button"
        >
          Delete
        </button>
      </p>
      <p>
        X 
        1
        , Y 
        4
        <button
          class="c1 delete-button"
        >
          Delete
        </button>
      </p>
    </div>
  </div>
</div>
`;
