// Jest Snapshot v1, https://goo.gl/fbAQLP

exports[`Title test suite Should match snapshot 1`] = `
.c0 {
  margin: 0 0 30px;
}

<div>
  <h1
    class="c0"
  >
    Mars Rover Mission
  </h1>
</div>
`;
